Made Window
Colored Window
Shared init> initialized buffer
Shared init> Pushing *
Shared init> Pushing *
Shared init> Pushing *
Shared init> Pushing *
Shared init> Pushing C
Shared init> Pushing o
Shared init> Pushing m
Shared init> Pushing 3
Shared init> Pushing 2
Shared init> Pushing B
Shared init> Pushing a
Shared init> Pushing s
Shared init> Pushing i
Shared init> Pushing c
Shared init> Pushing V
Shared init> Pushing e
Shared init> Pushing r
Shared init> Pushing 1
Shared init> Pushing .
Shared init> Pushing 0
Shared init> Pushing *
Shared init> Pushing *
Shared init> Pushing *
Shared init> Pushing *
Shared init> Pushing 6
Shared init> Pushing 4
Shared init> Pushing K
Shared init> Pushing B
Shared init> Pushing R
Shared init> Pushing a
Shared init> Pushing m
Shared init> Pushing A
Shared init> Pushing v
Shared init> Pushing a
Shared init> Pushing i
Shared init> Pushing l
Shared init> Pushing i
Shared init> Pushing b
Shared init> Pushing l
Shared init> Pushing e
Shared init> Generated first display changes
Shared init> Loaded font
Initialized Shared Vars
Made Threads
Drew char "*"
Drew char "*"
Drew char "*"
Drew char "*"
Drew char "C"
Drew char "o"
Drew char "m"
Drew char "3"
Drew char "2"
Drew char "B"
Drew char "a"
Drew char "s"
Drew char "i"
Drew char "c"
Drew char "V"
Drew char "e"
Drew char "r"
Drew char "1"
Drew char "."
Drew char "0"
Drew char "*"
Drew char "*"
Drew char "*"
Drew char "*"
Drew char "6"
Drew char "4"
Drew char "K"
Drew char "B"
Drew char "R"
Drew char "a"
Drew char "m"
Drew char "A"
Drew char "v"
Drew char "a"
Drew char "i"
Drew char "l"
Drew char "i"
Drew char "b"
Drew char "l"
Drew char "e"
Threads Finished
Killed Window
